<?xml version="1.0" encoding="UTF-8"?>
<TestRun id="519b514d-fbcf-4f1d-88e1-d61f35698548" name="Human@HUMAN-PC 2012-04-10 18:20:05" runUser="Human-PC\Human" xmlns="http://microsoft.com/schemas/VisualStudio/TeamTest/2010">
  <TestSettings name="本地" id="784ef2bf-576a-43ab-bf05-7a9c7898302e">
    <Description>这些设置为本地测试运行的默认测试设置。</Description>
    <Deployment enabled="false" runDeploymentRoot="Human_HUMAN-PC 2012-04-10 18_20_05">
      <DeploymentItem filename="G:\Pro\C#\BlowlingGame\BlowlingGame\bin\Debug\BlowlingGame.exe" />
    </Deployment>
    <Execution>
      <TestTypeSpecific />
      <AgentRule name="Execution Agents">
      </AgentRule>
    </Execution>
  </TestSettings>
  <Times creation="2012-04-10T18:20:05.6971785+08:00" queuing="2012-04-10T18:20:14.2876698+08:00" start="2012-04-10T18:20:14.7806980+08:00" finish="2012-04-10T18:20:17.4408502+08:00" />
  <ResultSummary outcome="Completed">
    <Counters total="1" executed="1" passed="1" error="0" failed="0" timeout="0" aborted="0" inconclusive="0" passedButRunAborted="0" notRunnable="0" notExecuted="0" disconnected="0" warning="0" completed="0" inProgress="0" pending="0" />
  </ResultSummary>
  <TestDefinitions>
    <UnitTest name="TestMethod1" storage="g:\pro\c#\blowlinggame\blowlinggametest\bin\debug\blowlinggametest.dll" id="4afaeb98-544e-15c6-2dd9-5dfb138f1db9">
      <Execution id="a4bdc7df-af05-4cd1-975d-e3f912daf995" />
      <TestMethod codeBase="G:/Pro/C#/BlowlingGame/BlowlingGameTest/bin/Debug/BlowlingGameTest.DLL" adapterTypeName="Microsoft.VisualStudio.TestTools.TestTypes.Unit.UnitTestAdapter, Microsoft.VisualStudio.QualityTools.Tips.UnitTest.Adapter, Version=10.0.0.0, Culture=neutral, PublicKeyToken=b03f5f7f11d50a3a" className="BlowlingGameTest.UnitTest1, BlowlingGameTest, Version=1.0.0.0, Culture=neutral, PublicKeyToken=null" name="TestMethod1" />
    </UnitTest>
  </TestDefinitions>
  <TestLists>
    <TestList name="列表中未列出的结果" id="8c84fa94-04c1-424b-9868-57a2d4851a1d" />
    <TestList name="所有已加载的结果" id="19431567-8539-422a-85d7-44ee4e166bda" />
  </TestLists>
  <TestEntries>
    <TestEntry testId="4afaeb98-544e-15c6-2dd9-5dfb138f1db9" executionId="a4bdc7df-af05-4cd1-975d-e3f912daf995" testListId="8c84fa94-04c1-424b-9868-57a2d4851a1d" />
  </TestEntries>
  <Results>
    <UnitTestResult executionId="a4bdc7df-af05-4cd1-975d-e3f912daf995" testId="4afaeb98-544e-15c6-2dd9-5dfb138f1db9" testName="TestMethod1" computerName="HUMAN-PC" duration="00:00:00.0327092" startTime="2012-04-10T18:20:14.9917101+08:00" endTime="2012-04-10T18:20:17.1428331+08:00" testType="13cdc9d9-ddb5-4fa4-a97d-d965ccfc6d4b" outcome="Passed" testListId="8c84fa94-04c1-424b-9868-57a2d4851a1d" relativeResultsDirectory="a4bdc7df-af05-4cd1-975d-e3f912daf995">
    </UnitTestResult>
  </Results>
</TestRun>